// Jest Snapshot v1, https://goo.gl/fbAQLP

exports[`renders correctly 1`] = `
<div
  className="text-center "
>
  <div
    className="title"
  >
    Loading, please wait
  </div>
  <div
    className="spinner-border text-secondary spin"
  />
</div>
`;

exports[`renders correctly 2`] = `
<div
  className="text-center "
>
  <div
    className="title"
  >
    Loading, please wait
  </div>
  <div
    className="spinner-border text-secondary spin"
  />
</div>
`;

exports[`renders correctly 3`] = `
<div
  className="text-center "
>
  <div
    className="title"
  >
    Loading, please wait
  </div>
  <div
    className="spinner-border text-secondary spin"
  />
</div>
`;
